#-----------------------------------------------------------
# Vivado v2024.2 (64-bit)
# SW Build 5239630 on Fri Nov 08 22:35:27 MST 2024
# IP Build 5239520 on Sun Nov 10 16:12:51 MST 2024
# SharedData Build 5239561 on Fri Nov 08 14:39:27 MST 2024
# Start of session at: Sat May 24 16:13:39 2025
# Process ID         : 43480
# Current directory  : C:/Verilog_lab/study/1/systolicarr_scanchain/systolicarr_scanchain.runs/synth_1
# Command line       : vivado.exe -log MMU.vds -product Vivado -mode batch -messageDb vivado.pb -notrace -source MMU.tcl
# Log file           : C:/Verilog_lab/study/1/systolicarr_scanchain/systolicarr_scanchain.runs/synth_1/MMU.vds
# Journal file       : C:/Verilog_lab/study/1/systolicarr_scanchain/systolicarr_scanchain.runs/synth_1\vivado.jou
# Running On         : DESKTOP-L10GAB2
# Platform           : Windows Server 2016 or Windows 10
# Operating System   : 22631
# Processor Detail   : 12th Gen Intel(R) Core(TM) i5-12500H
# CPU Frequency      : 3110 MHz
# CPU Physical cores : 12
# CPU Logical cores  : 16
# Host memory        : 25392 MB
# Swap memory        : 5368 MB
# Total Virtual      : 30761 MB
# Available Virtual  : 17584 MB
#-----------------------------------------------------------
source MMU.tcl -notrace
