#-----------------------------------------------------------
# Vivado v2023.2 (64-bit)
# SW Build 4029153 on Fri Oct 13 20:14:34 MDT 2023
# IP Build 4028589 on Sat Oct 14 00:45:43 MDT 2023
# SharedData Build 4025554 on Tue Oct 10 17:18:54 MDT 2023
# Start of session at: Thu May  8 18:36:39 2025
# Process ID: 30500
# Current directory: C:/Users/user/.Xilinx/1/4x4systolic
# Command line: vivado.exe -gui_launcher_event rodinguilauncherevent15596 C:\Users\user\.Xilinx\1\4x4systolic\4x4systolic.xpr
# Log file: C:/Users/user/.Xilinx/1/4x4systolic/vivado.log
# Journal file: C:/Users/user/.Xilinx/1/4x4systolic\vivado.jou
# Running On: DESKTOP-5JU79FH, OS: Windows, CPU Frequency: 1992 MHz, CPU Physical cores: 4, Host memory: 17005 MB
#-----------------------------------------------------------
start_gui
open_project C:/Users/user/.Xilinx/1/4x4systolic/4x4systolic.xpr
update_compile_order -fileset sources_1
save_project_as test3 C:/Users/user/.Xilinx/1/4x4systolicadv/test3 -force
launch_simulation
open_wave_config C:/Users/user/.Xilinx/1/4x4systolic/test_TPU_behav.wcfg
source test_TPU.tcl
run 10 us
relaunch_sim
run 10 us
relaunch_sim
run 10 us
relaunch_sim
run 10 us
relaunch_sim
relaunch_sim
update_compile_order -fileset sources_1
relaunch_sim
relaunch_sim
relaunch_sim
update_compile_order -fileset sources_1
relaunch_sim
run 10 us
run 10 us
close_sim
