#-----------------------------------------------------------
# Vivado v2024.2 (64-bit)
# SW Build 5239630 on Fri Nov 08 22:35:27 MST 2024
# IP Build 5239520 on Sun Nov 10 16:12:51 MST 2024
# SharedData Build 5239561 on Fri Nov 08 14:39:27 MST 2024
# Start of session at: Sun May 25 22:00:09 2025
# Process ID         : 11552
# Current directory  : C:/Verilog_lab/study/1/JH/control_unit_Test/control_unit_Test.runs/synth_1
# Command line       : vivado.exe -log control_unit.vds -product Vivado -mode batch -messageDb vivado.pb -notrace -source control_unit.tcl
# Log file           : C:/Verilog_lab/study/1/JH/control_unit_Test/control_unit_Test.runs/synth_1/control_unit.vds
# Journal file       : C:/Verilog_lab/study/1/JH/control_unit_Test/control_unit_Test.runs/synth_1\vivado.jou
# Running On         : DESKTOP-L10GAB2
# Platform           : Windows Server 2016 or Windows 10
# Operating System   : 22631
# Processor Detail   : 12th Gen Intel(R) Core(TM) i5-12500H
# CPU Frequency      : 3110 MHz
# CPU Physical cores : 12
# CPU Logical cores  : 16
# Host memory        : 25392 MB
# Swap memory        : 3087 MB
# Total Virtual      : 28479 MB
# Available Virtual  : 14982 MB
#-----------------------------------------------------------
source control_unit.tcl -notrace
